Microchip MPLAB XC8 Compiler V2.20

Linker command line:

-W-3 --edf=C:\Program Files\Microchip\xc8\v2.20\pic\dat\en_msgs.txt -cn \
  -h+dist/default/production\Proyecto2.X.production.sym \
  --cmf=dist/default/production\Proyecto2.X.production.cmf -z -Q16F887 \
  -oC:\Users\fredy\AppData\Local\Temp\s928.2 --defsym=__MPLAB_BUILD=1 \
  -Mdist/default/production/Proyecto2.X.production.map -E1 \
  -ver=XC8 Compiler --acfsm=1493 -ASTACK=0110h-016Fh -pstack=STACK \
  -ACODE=00h-07FFhx4 -ASTRCODE=00h-01FFFh -ASTRING=00h-0FFhx32 \
  -ACONST=00h-0FFhx32 -AENTRY=00h-0FFhx32 -ACOMMON=070h-07Fh \
  -ABANK0=020h-06Fh -ABANK1=0A0h-0EFh -ABANK2=0110h-016Fh \
  -ABANK3=0190h-01EFh -ARAM=020h-06Fh,0A0h-0EFh,0110h-016Fh,0190h-01EFh \
  -AABS1=020h-07Fh,0A0h-0EFh,0110h-016Fh,0190h-01EFh -ASFR0=00h-01Fh \
  -ASFR1=080h-09Fh -ASFR2=0100h-010Fh -ASFR3=0180h-018Fh \
  -ACONFIG=02007h-02008h -DCONFIG=2 -AIDLOC=02000h-02003h -DIDLOC=2 \
  -preset_vec=00h,intentry=04h,init,end_init -ppowerup=CODE -pcinit=CODE \
  -pfunctab=ENTRY -AEEDATA=00h-0FFh/02100h -peeprom_data=EEDATA -DEEDATA=2 \
  -DCODE=2 -DSTRCODE=2 -DSTRING=2 -DCONST=2 -DENTRY=2 -k \
  C:\Users\fredy\AppData\Local\Temp\s928.o \
  dist/default/production\Proyecto2.X.production.o 

Object code version is 3.11

Machine type is 16F887



                Name                               Link     Load   Length Selector   Space Scale
C:\Users\fredy\AppData\Local\Temp\s928.o
                end_init                             10       10        3        8       0
                reset_vec                             0        0        3        0       0
                config                             2007     2007        2        0       4
dist/default/production\Proyecto2.X.production.o
                cinit                                13       13        E        8       0
                intentry                              4        4        C        8       0
                config                             2007     2007        2        0       4
                text7                               169      169       67        8       0
                text6                                C6       C6       A3        8       0
                text5                               1D0      1D0       4B        8       0
                text4                               21B      21B       29        8       0
                text3                               266      266       22        8       0
                text2                               244      244       22        8       0
                text1                               288      288       19        8       0
                maintext                             21       21       A5        8       0
                cstackBANK0                          27       27        1       20       1
                cstackCOMMON                         70       70        D       70       1
                bssBANK0                             20       20        7       20       1
                bssCOMMON                            7D       7D        1       70       1

TOTAL           Name                               Link     Load   Length     Space
        CLASS   STACK          

        CLASS   CODE           
                end_init                             10       10        3         0
                cinit                                13       13        E         0
                intentry                              4        4        C         0
                reset_vec                             0        0        3         0
                text7                               169      169       67         0
                text6                                C6       C6       A3         0
                text5                               1D0      1D0       4B         0
                text4                               21B      21B       29         0
                text3                               266      266       22         0
                text2                               244      244       22         0
                text1                               288      288       19         0
                maintext                             21       21       A5         0

        CLASS   STRCODE        

        CLASS   STRING         

        CLASS   CONST          

        CLASS   ENTRY          

        CLASS   COMMON         
                cstackCOMMON                         70       70        D         1
                bssCOMMON                            7D       7D        1         1

        CLASS   BANK0          
                cstackBANK0                          27       27        1         1
                bssBANK0                             20       20        7         1

        CLASS   BANK1          

        CLASS   BANK2          

        CLASS   BANK3          

        CLASS   RAM            

        CLASS   ABS1           
                abs_s1                               7E       7E        2         1

        CLASS   SFR0           

        CLASS   SFR1           

        CLASS   SFR2           

        CLASS   SFR3           

        CLASS   CONFIG         
                config                             2007     2007        2         4

        CLASS   IDLOC          

        CLASS   EEDATA         



SEGMENTS        Name                           Load    Length   Top    Selector   Space  Class     Delta

                reset_vec                      000000  000003  000003         0       0  CODE        2
                intentry                       000004  00029D  0002A1         8       0  CODE        2
                bssBANK0                       000020  000008  000028        20       1  BANK0       1
                cstackCOMMON                   000070  00000E  00007E        70       1  COMMON      1


UNUSED ADDRESS RANGES

        Name                Unused          Largest block    Delta
        BANK0            0028-006F             48           1
        BANK1            00A0-00EF             50           1
        BANK2            0110-016F             60           1
        BANK3            0190-01EF             60           1
        CODE             0003-0003              1           2
                         02A1-1FFF            800
        CONST            0003-0003              1           2
                         02A1-1FFF            100
        EEDATA           2100-21FF            100           2
        ENTRY            0003-0003              1           2
                         02A1-1FFF            100
        IDLOC            2000-2003              4           2
        RAM              0028-006F             48           1
                         00A0-00EF             50
                         0110-016F             60
                         0190-01EF             60
        SFR0             0000-001F             20           1
        SFR1             0080-009F             20           1
        SFR2             0100-010F             10           1
        SFR3             0180-018F             10           1
        STACK            0110-016F             60           1
        STRCODE          0003-0003              1           2
                         02A1-1FFF           1D5F
        STRING           0003-0003              1           2
                         02A1-1FFF            100

                                  Symbol Table

?___awdiv                  cstackCOMMON 0070
_ADCON0bits                (abs)        001F
_ADCON1bits                (abs)        009F
_ADIF                      (abs)        0066
_ADRESH                    (abs)        001E
_ANSEL                     (abs)        0188
_ANSELH                    (abs)        0189
_Adelante                  bssBANK0     0023
_Atras                     bssBANK0     0022
_B_flag                    bssBANK0     0024
_Boton                     bssCOMMON    007D
_Botones                   text5        01D0
_CCP1CONbits               (abs)        0017
_CCP2CONbits               (abs)        001D
_CCPR1L                    (abs)        0015
_CCPR2L                    (abs)        001B
_INTCON                    (abs)        000B
_INTCONbits                (abs)        000B
_IOCB0                     (abs)        04B0
_IOCB1                     (abs)        04B1
_IOCB2                     (abs)        04B2
_IOCB3                     (abs)        04B3
_IOCB4                     (abs)        04B4
_IOCB5                     (abs)        04B5
_IOCB6                     (abs)        04B6
_IRCF0                     (abs)        047C
_IRCF1                     (abs)        047D
_IRCF2                     (abs)        047E
_Lock                      bssBANK0     0021
_Motores                   text4        021B
_Motores_Adelante          text3        0266
_Motores_Atras             text2        0244
_Motores_Neutro            text1        0288
_OPTION_REGbits            (abs)        0081
_PIE1bits                  (abs)        008C
_PIR1bits                  (abs)        000C
_PORTB                     (abs)        0006
_PORTC                     (abs)        0007
_PORTD                     (abs)        0008
_PORTE                     (abs)        0009
_PR2                       (abs)        0092
_RB0                       (abs)        0030
_RBIF                      (abs)        0058
_RC1                       (abs)        0039
_RC2                       (abs)        003A
_RD0                       (abs)        0040
_RD1                       (abs)        0041
_RD2                       (abs)        0042
_RD3                       (abs)        0043
_T2CONbits                 (abs)        0012
_TRISA                     (abs)        0085
_TRISC                     (abs)        0087
_TRISD                     (abs)        0088
_TRISE                     (abs)        0089
_Valor_CCP1                bssBANK0     0026
_Valor_CCP2                bssBANK0     0025
_WD                        bssBANK0     0020
_WPUBbits                  (abs)        0095
__Habs1                    abs1         0000
__Hbank0                   bank0        0000
__Hbank1                   bank1        0000
__Hbank2                   bank2        0000
__Hbank3                   bank3        0000
__HbssBANK0                bssBANK0     0000
__HbssCOMMON               bssCOMMON    0000
__Hcinit                   cinit        0021
__Hclrtext                 clrtext      0000
__Hcode                    code         0000
__Hcommon                  common       0000
__Hconfig                  config       2009
__HcstackBANK0             cstackBANK0  0000
__HcstackCOMMON            cstackCOMMON 0000
__Heeprom_data             eeprom_data  0000
__Hend_init                end_init     0013
__Hfunctab                 functab      0000
__Hinit                    init         0010
__Hintentry                intentry     0010
__Hmaintext                maintext     0000
__Hpowerup                 powerup      0000
__Hram                     ram          0000
__Hreset_vec               reset_vec    0003
__Hsfr0                    sfr0         0000
__Hsfr1                    sfr1         0000
__Hsfr2                    sfr2         0000
__Hsfr3                    sfr3         0000
__Hspace_0                 (abs)        02A1
__Hspace_1                 (abs)        007E
__Hspace_2                 (abs)        0000
__Hspace_3                 (abs)        0000
__Hspace_4                 (abs)        4010
__Hstack                   stack        0000
__Hstrings                 strings      0000
__Htext                    text         0000
__Labs1                    abs1         0000
__Lbank0                   bank0        0000
__Lbank1                   bank1        0000
__Lbank2                   bank2        0000
__Lbank3                   bank3        0000
__LbssBANK0                bssBANK0     0000
__LbssCOMMON               bssCOMMON    0000
__Lcinit                   cinit        0013
__Lclrtext                 clrtext      0000
__Lcode                    code         0000
__Lcommon                  common       0000
__Lconfig                  config       0000
__LcstackBANK0             cstackBANK0  0000
__LcstackCOMMON            cstackCOMMON 0000
__Leeprom_data             eeprom_data  0000
__Lend_init                end_init     0010
__Lfunctab                 functab      0000
__Linit                    init         0010
__Lintentry                intentry     0004
__Lmaintext                maintext     0000
__Lpowerup                 powerup      0000
__Lram                     ram          0000
__Lreset_vec               reset_vec    0000
__Lsfr0                    sfr0         0000
__Lsfr1                    sfr1         0000
__Lsfr2                    sfr2         0000
__Lsfr3                    sfr3         0000
__Lspace_0                 (abs)        0000
__Lspace_1                 (abs)        0000
__Lspace_2                 (abs)        0000
__Lspace_3                 (abs)        0000
__Lspace_4                 (abs)        0000
__Lstack                   stack        0000
__Lstrings                 strings      0000
__Ltext                    text         0000
__S0                       (abs)        02A1
__S1                       (abs)        007E
__S2                       (abs)        0000
__S3                       (abs)        0000
___awdiv                   text7        0169
___awdiv@counter           cstackCOMMON 0074
___awdiv@dividend          cstackCOMMON 0072
___awdiv@divisor           cstackCOMMON 0070
___awdiv@quotient          cstackCOMMON 0076
___awdiv@sign              cstackCOMMON 0075
___int_sp                  stack        0000
___latbits                 (abs)        0002
___sp                      stack        0000
___stackhi                 (abs)        0000
___stacklo                 (abs)        0000
__end_of_Botones           text5        021B
__end_of_Motores           text4        0244
__end_of_Motores_Adelante  text3        0288
__end_of_Motores_Atras     text2        0266
__end_of_Motores_Neutro    text1        02A1
__end_of___awdiv           text7        01D0
__end_of__initialization   cinit        001D
__end_of_isr               text6        0169
__end_of_main              maintext     00C6
__initialization           cinit        0013
__pbssBANK0                bssBANK0     0020
__pbssCOMMON               bssCOMMON    007D
__pcstackBANK0             cstackBANK0  0027
__pcstackCOMMON            cstackCOMMON 0070
__pintentry                intentry     0004
__pmaintext                maintext     0021
__ptext1                   text1        0288
__ptext2                   text2        0244
__ptext3                   text3        0266
__ptext4                   text4        021B
__ptext5                   text5        01D0
__ptext6                   text6        00C6
__ptext7                   text7        0169
__size_of_Botones          (abs)        0000
__size_of_Motores          (abs)        0000
__size_of_Motores_Adelante (abs)        0000
__size_of_Motores_Atras    (abs)        0000
__size_of_Motores_Neutro   (abs)        0000
__size_of___awdiv          (abs)        0000
__size_of_isr              (abs)        0000
__size_of_main             (abs)        0000
_isr                       text6        00C6
_main                      maintext     0021
btemp                      (abs)        007E
end_of_initialization      cinit        001D
interrupt_function         intentry     0004
intlevel0                  functab      0000
intlevel1                  functab      0000
intlevel2                  functab      0000
intlevel3                  functab      0000
intlevel4                  functab      0000
intlevel5                  functab      0000
reset_vec                  reset_vec    0000
saved_w                    (abs)        007E
start                      init         0010
start_initialization       cinit        0013
wtemp0                     (abs)        007E


FUNCTION INFORMATION:

 *************** function _main *****************
 Defined at:
		line 107 in file "Proyecto2.c"
 Parameters:    Size  Location     Type
		None
 Auto vars:     Size  Location     Type
		None
 Return value:  Size  Location     Type
                  1    wreg      void 
 Registers used:
		wreg, status,2, status,0, btemp+1, pclath, cstack
 Tracked objects:
		On entry : 
		On exit  : 
		Unchanged: 
 Data sizes:     COMMON   BANK0   BANK1   BANK3   BANK2
      Params:         0       0       0       0       0
      Locals:         0       0       0       0       0
      Temps:          0       1       0       0       0
      Totals:         0       1       0       0       0
Total ram usage:        1 bytes
 Hardware stack levels required when called:    3
 This function calls:
		_Botones
		_Motores
		_Motores_Adelante
		_Motores_Atras
		_Motores_Neutro
 This function is called by:
		Startup code after reset
 This function uses a non-reentrant model


 *************** function _Motores_Neutro *****************
 Defined at:
		line 251 in file "Proyecto2.c"
 Parameters:    Size  Location     Type
		None
 Auto vars:     Size  Location     Type
		None
 Return value:  Size  Location     Type
                  1    wreg      void 
 Registers used:
		None
 Tracked objects:
		On entry : 
		On exit  : 
		Unchanged: 
 Data sizes:     COMMON   BANK0   BANK1   BANK3   BANK2
      Params:         0       0       0       0       0
      Locals:         0       0       0       0       0
      Temps:          0       0       0       0       0
      Totals:         0       0       0       0       0
Total ram usage:        0 bytes
 Hardware stack levels used:    1
 Hardware stack levels required when called:    2
 This function calls:
		Nothing
 This function is called by:
		_main
 This function uses a non-reentrant model


 *************** function _Motores_Atras *****************
 Defined at:
		line 244 in file "Proyecto2.c"
 Parameters:    Size  Location     Type
		None
 Auto vars:     Size  Location     Type
		None
 Return value:  Size  Location     Type
                  1    wreg      void 
 Registers used:
		None
 Tracked objects:
		On entry : 
		On exit  : 
		Unchanged: 
 Data sizes:     COMMON   BANK0   BANK1   BANK3   BANK2
      Params:         0       0       0       0       0
      Locals:         0       0       0       0       0
      Temps:          0       0       0       0       0
      Totals:         0       0       0       0       0
Total ram usage:        0 bytes
 Hardware stack levels used:    1
 Hardware stack levels required when called:    2
 This function calls:
		Nothing
 This function is called by:
		_main
 This function uses a non-reentrant model


 *************** function _Motores_Adelante *****************
 Defined at:
		line 238 in file "Proyecto2.c"
 Parameters:    Size  Location     Type
		None
 Auto vars:     Size  Location     Type
		None
 Return value:  Size  Location     Type
                  1    wreg      void 
 Registers used:
		None
 Tracked objects:
		On entry : 
		On exit  : 
		Unchanged: 
 Data sizes:     COMMON   BANK0   BANK1   BANK3   BANK2
      Params:         0       0       0       0       0
      Locals:         0       0       0       0       0
      Temps:          0       0       0       0       0
      Totals:         0       0       0       0       0
Total ram usage:        0 bytes
 Hardware stack levels used:    1
 Hardware stack levels required when called:    2
 This function calls:
		Nothing
 This function is called by:
		_main
 This function uses a non-reentrant model


 *************** function _Motores *****************
 Defined at:
		line 194 in file "Proyecto2.c"
 Parameters:    Size  Location     Type
		None
 Auto vars:     Size  Location     Type
		None
 Return value:  Size  Location     Type
                  1    wreg      void 
 Registers used:
		wreg, status,2, status,0
 Tracked objects:
		On entry : 
		On exit  : 
		Unchanged: 
 Data sizes:     COMMON   BANK0   BANK1   BANK3   BANK2
      Params:         0       0       0       0       0
      Locals:         0       0       0       0       0
      Temps:          0       0       0       0       0
      Totals:         0       0       0       0       0
Total ram usage:        0 bytes
 Hardware stack levels used:    1
 Hardware stack levels required when called:    2
 This function calls:
		Nothing
 This function is called by:
		_main
 This function uses a non-reentrant model


 *************** function _Botones *****************
 Defined at:
		line 207 in file "Proyecto2.c"
 Parameters:    Size  Location     Type
		None
 Auto vars:     Size  Location     Type
		None
 Return value:  Size  Location     Type
                  1    wreg      void 
 Registers used:
		wreg, status,2, status,0
 Tracked objects:
		On entry : 
		On exit  : 
		Unchanged: 
 Data sizes:     COMMON   BANK0   BANK1   BANK3   BANK2
      Params:         0       0       0       0       0
      Locals:         0       0       0       0       0
      Temps:          0       0       0       0       0
      Totals:         0       0       0       0       0
Total ram usage:        0 bytes
 Hardware stack levels used:    1
 Hardware stack levels required when called:    2
 This function calls:
		Nothing
 This function is called by:
		_main
 This function uses a non-reentrant model


 *************** function _isr *****************
 Defined at:
		line 62 in file "Proyecto2.c"
 Parameters:    Size  Location     Type
		None
 Auto vars:     Size  Location     Type
		None
 Return value:  Size  Location     Type
                  1    wreg      void 
 Registers used:
		wreg, status,2, status,0, btemp+1, pclath, cstack
 Tracked objects:
		On entry : 
		On exit  : 
		Unchanged: 
 Data sizes:     COMMON   BANK0   BANK1   BANK3   BANK2
      Params:         0       0       0       0       0
      Locals:         0       0       0       0       0
      Temps:          5       0       0       0       0
      Totals:         5       0       0       0       0
Total ram usage:        5 bytes
 Hardware stack levels used:    1
 Hardware stack levels required when called:    1
 This function calls:
		___awdiv
 This function is called by:
		Interrupt level 1
 This function uses a non-reentrant model


 *************** function ___awdiv *****************
 Defined at:
		line 5 in file "C:\Program Files\Microchip\xc8\v2.20\pic\sources\c90\common\awdiv.c"
 Parameters:    Size  Location     Type
  divisor         2    0[COMMON] int 
  dividend        2    2[COMMON] int 
 Auto vars:     Size  Location     Type
  quotient        2    6[COMMON] int 
  sign            1    5[COMMON] unsigned char 
  counter         1    4[COMMON] unsigned char 
 Return value:  Size  Location     Type
                  2    0[COMMON] int 
 Registers used:
		wreg, status,2, status,0, btemp+1
 Tracked objects:
		On entry : 
		On exit  : 
		Unchanged: 
 Data sizes:     COMMON   BANK0   BANK1   BANK3   BANK2
      Params:         4       0       0       0       0
      Locals:         4       0       0       0       0
      Temps:          0       0       0       0       0
      Totals:         8       0       0       0       0
Total ram usage:        8 bytes
 Hardware stack levels used:    1
 This function calls:
		Nothing
 This function is called by:
		_isr
 This function uses a non-reentrant model



MODULE INFORMATION

Module		Function		Class		Link	Load	Size
shared
		__initialization		CODE           	0013	0000	11

shared estimated size: 11

Proyecto2.c
		_Motores       		CODE           	021B	0000	42
		_main          		CODE           	0021	0000	166
		_Motores_Adelante		CODE           	0266	0000	35
		_Motores_Atras 		CODE           	0244	0000	35
		_Botones       		CODE           	01D0	0000	76
		_isr           		CODE           	00C6	0000	164
		_Motores_Neutro		CODE           	0288	0000	26

Proyecto2.c estimated size: 544

C:\Program Files\Microchip\xc8\v2.20\pic\sources\c90\common\awdiv.c
		___awdiv       		CODE           	0169	0000	104

C:\Program Files\Microchip\xc8\v2.20\pic\sources\c90\common\awdiv.c estimated size: 104

